<html>
<body>
<pre>
<h1>µVision Build Log</h1>
<h2>Project:</h2>
C:\Users\morla\OneDrive\Desktop\ARM PRACTICE\arm.uvproj
Project File Date:  10/12/2025

<h2>Output:</h2>
Rebuild target 'Target 1'
assembling Startup.s...
compiling delay.c...
compiling one_by_one_active_8LEDs.c...
linking...
Program Size: Code=572 RO-data=16 RW-data=0 ZI-data=1256  
".\arm.axf" - 0 Error(s), 0 Warning(s).
LEDs.c: 1 warning, 0 errors
linking...
Program Size: Code=624 RO-data=16 RW-data=0 ZI-data=1256  
".\arm.axf" - 0 Error(s), 1 Warning(s).
e 'C:\Users\morla\OneDrive\Desktop\ARM PRACTICE\arm.axf'. Debugger aborted !
